// Jest Snapshot v1, https://goo.gl/fbAQLP

exports[`Gift--> renders properly 1`] = `
<div>
  <form>
    <input
      className="input-person"
      onChange={[Function]}
      type="text"
    />
    <input
      className="input-present"
      onChange={[Function]}
      type="text"
    />
  </form>
</div>
`;
